// Jest Snapshot v1, https://goo.gl/fbAQLP

exports[`File Uploader 1`] = `<div />`;
